// Jest Snapshot v1, https://goo.gl/fbAQLP

exports[`Teste do componente Header renderizar corretamente 1`] = `ShallowWrapper {}`;
