// Jest Snapshot v1, https://goo.gl/fbAQLP

exports[`Testando redux no Header deve renderizar corretamente 1`] = `ShallowWrapper {}`;
